------------------------------------------------------------
Timing Analyzer Summary
------------------------------------------------------------

Type  : Slow 1100mV 85C Model Setup 'clk'
Slack : 0.710
TNS   : 0.000

Type  : Slow 1100mV 85C Model Hold 'clk'
Slack : 0.318
TNS   : 0.000

Type  : Slow 1100mV 85C Model Minimum Pulse Width 'clk'
Slack : 8.658
TNS   : 0.000

Type  : Slow 1100mV 0C Model Setup 'clk'
Slack : 1.651
TNS   : 0.000

Type  : Slow 1100mV 0C Model Hold 'clk'
Slack : 0.298
TNS   : 0.000

Type  : Slow 1100mV 0C Model Minimum Pulse Width 'clk'
Slack : 8.604
TNS   : 0.000

Type  : Fast 1100mV 85C Model Setup 'clk'
Slack : 9.771
TNS   : 0.000

Type  : Fast 1100mV 85C Model Hold 'clk'
Slack : 0.134
TNS   : 0.000

Type  : Fast 1100mV 85C Model Minimum Pulse Width 'clk'
Slack : 8.794
TNS   : 0.000

Type  : Fast 1100mV 0C Model Setup 'clk'
Slack : 10.868
TNS   : 0.000

Type  : Fast 1100mV 0C Model Hold 'clk'
Slack : 0.098
TNS   : 0.000

Type  : Fast 1100mV 0C Model Minimum Pulse Width 'clk'
Slack : 8.781
TNS   : 0.000

------------------------------------------------------------
