------------------------------------------------------------
Timing Analyzer Summary
------------------------------------------------------------

Type  : Slow 1100mV 85C Model Setup 'clk_voting'
Slack : -3.688
TNS   : -403.945

Type  : Slow 1100mV 85C Model Hold 'clk_voting'
Slack : 0.417
TNS   : 0.000

Type  : Slow 1100mV 85C Model Minimum Pulse Width 'clk_voting'
Slack : -0.538
TNS   : -89.413

Type  : Slow 1100mV 0C Model Setup 'clk_voting'
Slack : -3.625
TNS   : -388.185

Type  : Slow 1100mV 0C Model Hold 'clk_voting'
Slack : 0.428
TNS   : 0.000

Type  : Slow 1100mV 0C Model Minimum Pulse Width 'clk_voting'
Slack : -0.538
TNS   : -90.803

Type  : Fast 1100mV 85C Model Setup 'clk_voting'
Slack : -1.416
TNS   : -141.457

Type  : Fast 1100mV 85C Model Hold 'clk_voting'
Slack : 0.181
TNS   : 0.000

Type  : Fast 1100mV 85C Model Minimum Pulse Width 'clk_voting'
Slack : -0.092
TNS   : -9.863

Type  : Fast 1100mV 0C Model Setup 'clk_voting'
Slack : -1.162
TNS   : -115.356

Type  : Fast 1100mV 0C Model Hold 'clk_voting'
Slack : 0.170
TNS   : 0.000

Type  : Fast 1100mV 0C Model Minimum Pulse Width 'clk_voting'
Slack : -0.095
TNS   : -10.293

------------------------------------------------------------
