------------------------------------------------------------
Timing Analyzer Summary
------------------------------------------------------------

Type  : Slow 1100mV 85C Model Setup 'clk'
Slack : 4.084
TNS   : 0.000

Type  : Slow 1100mV 85C Model Hold 'clk'
Slack : 0.283
TNS   : 0.000

Type  : Slow 1100mV 85C Model Minimum Pulse Width 'clk'
Slack : 8.701
TNS   : 0.000

Type  : Slow 1100mV 0C Model Setup 'clk'
Slack : 4.221
TNS   : 0.000

Type  : Slow 1100mV 0C Model Hold 'clk'
Slack : 0.260
TNS   : 0.000

Type  : Slow 1100mV 0C Model Minimum Pulse Width 'clk'
Slack : 8.618
TNS   : 0.000

Type  : Fast 1100mV 85C Model Setup 'clk'
Slack : 11.947
TNS   : 0.000

Type  : Fast 1100mV 85C Model Hold 'clk'
Slack : 0.143
TNS   : 0.000

Type  : Fast 1100mV 85C Model Minimum Pulse Width 'clk'
Slack : 8.790
TNS   : 0.000

Type  : Fast 1100mV 0C Model Setup 'clk'
Slack : 12.673
TNS   : 0.000

Type  : Fast 1100mV 0C Model Hold 'clk'
Slack : 0.131
TNS   : 0.000

Type  : Fast 1100mV 0C Model Minimum Pulse Width 'clk'
Slack : 8.779
TNS   : 0.000

------------------------------------------------------------
